Running Gradle task 'assembleRelease'...                        
flutter : Warning: 
Flutter support for 
your project's Android 
Gradle Plugin version 
(Android Gradle Plugin 
version 8.3.2) will 
soon be dropped. 
Please upgrade your 
Android Gradle Plugin 
version to a version 
of at least Android 
Gradle Plugin version 
8.6.0 soon.
At line:1 char:1
+ flutter build apk > 
build_output.txt 2>&1
+ ~~~~~~~~~~~~~~~~~~~~~
~~~~~~~~~~~~~~~~~~~~
    + CategoryInfo     
         : NotSpecifi  
  ed: (Warning: Flut   
 te...ion 8.6.0 soo    
n.:String) [], Rem    
oteException
    + FullyQualifiedEr 
   rorId : NativeComm  
  andError
 
Alternatively, use the 
flag "--android-skip-bu
ild-dependency-validati
on" to bypass this 
check.

Potential fix: Your 
project's AGP version 
is typically defined 
in the plugins block 
of the 
`settings.gradle` file 
(C:\freelancer\android/
settings.gradle), by a 
plugin with the id of c
om.android.application.
 
If you don't see a 
plugins block, your 
project was likely 
created with an older 
template version. In 
this case it is most 
likely defined in the 
top-level build.gradle 
file (C:\freelancer\and
roid/build.gradle) by 
the following line in 
the dependencies block 
of the buildscript: 
"classpath 'com.android
.tools.build:gradle:<ve
rsion>'".

Warning: Flutter 
support for your 
project's Kotlin 
version (1.9.24) will 
soon be dropped. 
Please upgrade your 
Kotlin version to a 
version of at least 
2.1.0 soon.
Alternatively, use the 
flag "--android-skip-bu
ild-dependency-validati
on" to bypass this 
check.

Potential fix: Your 
project's KGP version 
is typically defined 
in the plugins block 
of the 
`settings.gradle` file 
(C:\freelancer\android/
settings.gradle), by a 
plugin with the id of o
rg.jetbrains.kotlin.and
roid. 
If you don't see a 
plugins block, your 
project was likely 
created with an older 
template version, in 
which case it is most 
likely defined in the 
top-level build.gradle 
file (C:\freelancer\and
roid/build.gradle) by 
the ext.kotlin_version 
property.

Unhandled exception:
FileSystemException: 
writeFrom failed, path 
= 'C:\freelancer\.dart_
tool\flutter_build\a442
ed387e786354eb0bf57cd66
97011\app.dill' (OS 
Error: There is not 
enough space on the 
disk, errno = 112)
#0      
_checkForErrorResponse 
(dart:io/common.dart:58
)
#1      _RandomAccessFi
le.writeFrom.<anonymous
 closure> (dart:io/file
_impl.dart:976)
<asynchronous 
suspension>
#2      _FileStreamCons
umer.addStream.<anonymo
us closure>.<anonymous 
closure>.<anonymous 
closure> (dart:io/file_
impl.dart:237)
<asynchronous 
suspension>

Target kernel_snapshot_
program failed: 
Exception


FAILURE: Build failed 
with an exception.

* What went wrong:
Execution failed for 
task ':app:compileFlutt
erBuildRelease'.
> Process 'command 'C:\
src\flutter\bin\flutter
.bat'' finished with 
non-zero exit value 1

* Try:
> Run with 
--stacktrace option to 
get the stack trace.
> Run with --info or 
--debug option to get 
more log output.
> Run with --scan to 
get full insights.
> Get more help at http
s://help.gradle.org.

BUILD FAILED in 33s
Running Gradle task 'assembleRelease'...                           34.6s
Gradle task 
assembleRelease failed 
with exit code 1
